// Jest Snapshot v1, https://goo.gl/fbAQLP

exports[`E2E integration Generates HTML file when valid file path 1`] = `"The file dist/Silver Blaze.html has been created"`;

exports[`E2E integration Generates HTML files when valid file and output paths 1`] = `
"The file empty-folder/Silver Blaze.html has been created
The file empty-folder/The Adventure of the Six Napoleans.html has been created"
`;

exports[`E2E integration Generates HTML files when valid folder path 1`] = `
"The file dist/Silver Blaze.html has been created
The file dist/The Adventure of the Six Napoleans.html has been created"
`;

exports[`E2E integration Print error message when no input 1`] = `
"Input file or folder is required
Please see --help for options."
`;

exports[`E2E integration Prints error message when empty folder 1`] = `"Input directory is empty."`;

exports[`E2E integration Prints error message when invalid input 1`] = `
"Input file or folder is required
Please see --help for options."
`;

exports[`E2E integration Prints help message when --help flag used 1`] = `
"Options:
  -h, --help        Show help                                          [boolean]
  -c, --config      Path to a JSON config file                          [string]
  -i, --input       Path to a file or folder with files                  [array]
  -l, --lang        Language used in generated HTML files               [string]
  -o, --output      Path to an output directory                         [string]
  -s, --stylesheet  Stylesheet URL                                      [string]
  -v, --version     Show version number                                [boolean]"
`;

exports[`E2E integration Prints version when --version flag used 1`] = `"jellybean 1.0.0"`;
